// Jest Snapshot v1, https://goo.gl/fbAQLP

exports[`renders Quote page correctly 1`] = `
<div
  className="container-calc"
>
  <h5
    className="message"
  >
    Let's do some math!
  </h5>
  <div
    className="calc-wrapper"
  >
    <div
      className="calc-display"
    >
      0
    </div>
    <div
      className="calc-row"
    >
      <button
        className="cal-btn-normal"
        onClick={[Function]}
        type="button"
      >
        AC
      </button>
      <button
        className="cal-btn-normal"
        onClick={[Function]}
        type="button"
      >
        +/-
      </button>
      <button
        className="cal-btn-normal"
        onClick={[Function]}
        type="button"
      >
        %
      </button>
      <button
        className="cal-btn-special"
        onClick={[Function]}
        type="button"
      >
        รท
      </button>
    </div>
    <div
      className="calc-row"
    >
      <button
        className="cal-btn-normal"
        onClick={[Function]}
        type="button"
      >
        7
      </button>
      <button
        className="cal-btn-normal"
        onClick={[Function]}
        type="button"
      >
        8
      </button>
      <button
        className="cal-btn-normal"
        onClick={[Function]}
        type="button"
      >
        9
      </button>
      <button
        className="cal-btn-special"
        onClick={[Function]}
        type="button"
      >
        x
      </button>
    </div>
    <div
      className="calc-row"
    >
      <button
        className="cal-btn-normal"
        onClick={[Function]}
        type="button"
      >
        4
      </button>
      <button
        className="cal-btn-normal"
        onClick={[Function]}
        type="button"
      >
        5
      </button>
      <button
        className="cal-btn-normal"
        onClick={[Function]}
        type="button"
      >
        6
      </button>
      <button
        className="cal-btn-special"
        onClick={[Function]}
        type="button"
      >
        -
      </button>
    </div>
    <div
      className="calc-row"
    >
      <button
        className="cal-btn-normal"
        onClick={[Function]}
        type="button"
      >
        1
      </button>
      <button
        className="cal-btn-normal"
        onClick={[Function]}
        type="button"
      >
        2
      </button>
      <button
        className="cal-btn-normal"
        onClick={[Function]}
        type="button"
      >
        3
      </button>
      <button
        className="cal-btn-special"
        onClick={[Function]}
        type="button"
      >
        +
      </button>
    </div>
    <div
      className="calc-row"
    >
      <button
        className="cal-btn-double"
        onClick={[Function]}
        type="button"
      >
        0
      </button>
      <button
        className="cal-btn-normal"
        onClick={[Function]}
        type="button"
      >
        .
      </button>
      <button
        className="cal-btn-special"
        onClick={[Function]}
        type="button"
      >
        =
      </button>
    </div>
  </div>
</div>
`;
